📅 26.8.10

· 🚀 性能与体验
  · 优化全平台性能，响应速度提升。
  · 重构资源加载逻辑，修复因文件名错误导致的下载崩溃问题。
· 🛠️ 功能与资源
  · 新增小米数字系列线刷包及OPPO解包工具。
  · 拆分 resources.json，数据结构更清晰。
· 🎨 界面与文案
  · 更新README说明文档。
  · 为代码添加“佛祖保佑”注释（玄学护体）。
· 🐞 BUG治理
  · 修复已知问题，并引入了少量“新特性”（懂的都懂）。

---

📅 26.8.11

· 优化：继续整治屎山代码，删除冗余文件。
· 修复：紧急修复文件名错误导致的下载失败问题。
· 琐事：小鸡裹麻袋。

---

📅 26.8.12 - 26.8.14

· 精简：删除冗余音乐文件，专注核心功能。
· 交互：重构移动端按钮布局，修复介绍页动画卡顿。
· 视觉：“液态玻璃”效果默认关闭，并且隐藏“液态玻璃”按钮开关，UI界面全面换新。谁家欧加OEM解锁）
· 消耗：用ai帮我写了个贪吃蛇小游戏，你猜消耗了我多少Token
· 新增：新增a11/x通用模块

---

📅 26.8.19

· 🎨 UI重构
  · 侧边栏重新设计，移除文件夹列表及“更多”分隔线，四个选项卡（根目录、友情链接、联系作者、设置）整齐排列于一竖排。
  · 四个主页面切换添加细腻的淡入淡出 + 位移动画，切换更加丝滑流畅。
  · 友情链接卡片样式全面换新，采用横向拉伸设计，名称与介绍横向排列，更美观大方。
  · 联系作者页面默认不再展示图片，改为“显示图片”按钮，点击后弹出大图预览窗（仿下载弹窗样式，带动画）。
· 🎵 音乐播放
  · 设置页面简化音乐控制，移除“共X首歌曲”及多余状态文字。
  · 音乐播放改为随机播放模式，播完自动随机下一首，不重复（全部播完一轮后重置）。
· 🐞 BUG修复
  · 修复设置页面音乐名称重复显示的问题。
  · 修复Tab切换生硬无动画的问题。
· 📦 资源更新
  · 调整部分资源文件路径及数据结构。